--------------------------------------------------------------------------------------
Timing Analyzer Summary
--------------------------------------------------------------------------------------

Type           : Worst-case tsu
Slack          : N/A
Required Time  : None
Actual Time    : 6.651 ns
From           : keyboard_clk
To             : top:u2|Keyboard:u0|clk1
From Clock     : --
To Clock       : clk
Failed Paths   : 0

Type           : Worst-case tco
Slack          : N/A
Required Time  : None
Actual Time    : 54.430 ns
From           : state.s0
To             : seg2[5]
From Clock     : clk
To Clock       : --
Failed Paths   : 0

Type           : Worst-case th
Slack          : N/A
Required Time  : None
Actual Time    : 2.369 ns
From           : reset
To             : vga_rom:u1|vga640480:u1|y[3]
From Clock     : --
To Clock       : clk
Failed Paths   : 0

Type           : Clock Setup: 'clk'
Slack          : N/A
Required Time  : None
Actual Time    : 3.84 MHz ( period = 260.402 ns )
From           : clouds_vertical[0]
To             : killed_clouds_sum[31]
From Clock     : clk
To Clock       : clk
Failed Paths   : 0

Type           : Clock Hold: 'clk'
Slack          : Not operational: Clock Skew > Data Delay
Required Time  : None
Actual Time    : N/A
From           : top:u2|Keyboard:u0|code[7]
To             : top:u2|Keyboard:u0|scancode[7]
From Clock     : clk
To Clock       : clk
Failed Paths   : 377

Type           : Total number of failed paths
Slack          : 
Required Time  : 
Actual Time    : 
From           : 
To             : 
From Clock     : 
To Clock       : 
Failed Paths   : 377

--------------------------------------------------------------------------------------

